---
source: tests/parser_snapshots.rs
expression: partitions
---
- name: debug
  is_default: false
  availability: up
  nodes_alloc: 0
  nodes_idle: 1
  nodes_other: 0
  nodes_total: 0
  time_limit: ""
- name: cpu
  is_default: false
  availability: up
  nodes_alloc: 0
  nodes_idle: 1
  nodes_other: 0
  nodes_total: 0
  time_limit: ""
- name: gpu
  is_default: false
  availability: up
  nodes_alloc: 0
  nodes_idle: 1
  nodes_other: 0
  nodes_total: 0
  time_limit: ""
- name: bigmem
  is_default: false
  availability: up
  nodes_alloc: 0
  nodes_idle: 1
  nodes_other: 0
  nodes_total: 0
  time_limit: ""
- name: long
  is_default: false
  availability: up
  nodes_alloc: 0
  nodes_idle: 0
  nodes_other: 0
  nodes_total: 0
  time_limit: ""
