---
source: tests/parser_snapshots.rs
expression: nodes
---
- name: debug
  state: idle
  cpus_alloc: 0
  cpus_idle: 1
  cpus_other: 0
  cpus_total: 1
  memory_mb: ~
  free_mem_mb: ~
  gres: ~
  partition: debug
- name: cpu
  state: idle
  cpus_alloc: 0
  cpus_idle: 1
  cpus_other: 0
  cpus_total: 1
  memory_mb: ~
  free_mem_mb: ~
  gres: ~
  partition: cpu
- name: gpu
  state: idle
  cpus_alloc: 0
  cpus_idle: 1
  cpus_other: 0
  cpus_total: 1
  memory_mb: ~
  free_mem_mb: ~
  gres: ~
  partition: gpu
- name: bigmem
  state: idle
  cpus_alloc: 0
  cpus_idle: 1
  cpus_other: 0
  cpus_total: 1
  memory_mb: ~
  free_mem_mb: ~
  gres: ~
  partition: bigmem
- name: long
  state: empty
  cpus_alloc: 0
  cpus_idle: 0
  cpus_other: 0
  cpus_total: 0
  memory_mb: ~
  free_mem_mb: ~
  gres: ~
  partition: long
